[2026-01-20T12:11:15.437Z] AI Generation Failed: [GoogleGenerativeAI Error]: Error fetching from https://generativelanguage.googleapis.com/v1beta/models/gemini-1.5-flash:generateContent: [404 Not Found] models/gemini-1.5-flash is not found for API version v1beta, or is not supported for generateContent. Call ListModels to see the list of available models and their supported methods.
Error: AI Generation Failed: [GoogleGenerativeAI Error]: Error fetching from https://generativelanguage.googleapis.com/v1beta/models/gemini-1.5-flash:generateContent: [404 Not Found] models/gemini-1.5-flash is not found for API version v1beta, or is not supported for generateContent. Call ListModels to see the list of available models and their supported methods.
    at generateFlashcardContent (D:\ReviseRight\backend\utils\aiService.js:45:15)
    at process.processTicksAndRejections (node:internal/process/task_queues:95:5)
    at async exports.createFlashcard (D:\ReviseRight\backend\controllers\flashcardController.js:9:27)

[2026-01-20T12:15:01.020Z] Daily Limit Reached. Please try again later or verify your API Data Plan.
Error: Daily Limit Reached. Please try again later or verify your API Data Plan.
    at generateFlashcardContent (D:\ReviseRight\backend\utils\aiService.js:46:19)
    at process.processTicksAndRejections (node:internal/process/task_queues:95:5)
    at async exports.createFlashcard (D:\ReviseRight\backend\controllers\flashcardController.js:9:27)

[2026-01-20T12:22:26.653Z] Daily Limit Reached. Please try again later or verify your API Data Plan.
Error: Daily Limit Reached. Please try again later or verify your API Data Plan.
    at generateFlashcardContent (D:\ReviseRight\backend\utils\aiService.js:46:19)
    at process.processTicksAndRejections (node:internal/process/task_queues:95:5)
    at async exports.createFlashcard (D:\ReviseRight\backend\controllers\flashcardController.js:9:27)

[2026-01-20T12:25:53.791Z] Daily Limit Reached. Please try again later or verify your API Data Plan.
Error: Daily Limit Reached. Please try again later or verify your API Data Plan.
    at generateFlashcardContent (D:\ReviseRight\backend\utils\aiService.js:46:19)
    at process.processTicksAndRejections (node:internal/process/task_queues:95:5)
    at async exports.createFlashcard (D:\ReviseRight\backend\controllers\flashcardController.js:9:27)

